// Vitest Snapshot v1, https://vitest.dev/guide/snapshot.html

exports[`modelProviderSelectors > CUSTOM_MODELS > custom deletion, addition, and renaming of models 1`] = `
[
  {
    "chatModels": [
      {
        "displayName": "llama",
        "functionCall": true,
        "id": "llama",
        "isCustom": true,
        "vision": true,
      },
      {
        "displayName": "claude-2",
        "functionCall": true,
        "id": "claude-2",
        "isCustom": true,
        "vision": true,
      },
      {
        "displayName": "gpt-4-32k",
        "functionCall": true,
        "hidden": undefined,
        "id": "gpt-4-0125-preview",
        "tokens": 128000,
      },
    ],
    "enabled": true,
    "id": "openai",
  },
]
`;

exports[`modelProviderSelectors > CUSTOM_MODELS > should work correct with gpt-4 1`] = `
[
  {
    "displayName": "GPT-3.5 Turbo (1106)",
    "functionCall": true,
    "hidden": undefined,
    "id": "gpt-3.5-turbo-1106",
    "tokens": 16385,
  },
  {
    "description": "GPT 3.5 Turbo，适用于各种文本生成和理解任务",
    "displayName": "GPT-3.5 Turbo",
    "functionCall": true,
    "hidden": undefined,
    "id": "gpt-3.5-turbo",
    "tokens": 16385,
  },
  {
    "displayName": "GPT-3.5 Turbo 16K",
    "hidden": undefined,
    "id": "gpt-3.5-turbo-16k",
    "tokens": 16385,
  },
]
`;

exports[`modelProviderSelectors > OPENROUTER_CUSTOM_MODELS > custom deletion, addition, and renaming of models 1`] = `
[
  {
    "chatModels": [
      {
        "description": "GPT 3.5 Turbo，适用于各种文本生成和理解任务",
        "displayName": "GPT-3.5 Turbo",
        "functionCall": true,
        "id": "gpt-3.5-turbo",
        "tokens": 16385,
      },
      {
        "displayName": "GPT-3.5 Turbo (0125)",
        "functionCall": true,
        "hidden": true,
        "id": "gpt-3.5-turbo-0125",
        "tokens": 16385,
      },
      {
        "displayName": "GPT-3.5 Turbo (1106)",
        "functionCall": true,
        "hidden": true,
        "id": "gpt-3.5-turbo-1106",
        "tokens": 16385,
      },
      {
        "displayName": "GPT-3.5 Turbo Instruct",
        "hidden": true,
        "id": "gpt-3.5-turbo-instruct",
        "tokens": 4096,
      },
      {
        "displayName": "GPT-3.5 Turbo 16K",
        "hidden": true,
        "id": "gpt-3.5-turbo-16k",
        "tokens": 16385,
      },
      {
        "displayName": "GPT-3.5 Turbo (0613)",
        "hidden": true,
        "id": "gpt-3.5-turbo-0613",
        "legacy": true,
        "tokens": 4096,
      },
      {
        "displayName": "GPT-3.5 Turbo 16K (0613)",
        "hidden": true,
        "id": "gpt-3.5-turbo-16k-0613",
        "legacy": true,
        "tokens": 4096,
      },
    ],
    "enabled": true,
    "id": "openai",
  },
  {
    "chatModels": [
      {
        "displayName": "google/gemma-7b-it",
        "functionCall": true,
        "id": "google/gemma-7b-it",
        "isCustom": true,
        "vision": true,
      },
      {
        "displayName": "Mistral-7B-Instruct",
        "functionCall": true,
        "id": "mistralai/mistral-7b-instruct",
        "isCustom": true,
        "vision": true,
      },
    ],
    "enabled": true,
    "id": "openrouter",
  },
]
`;
